[00:22:21] [ServerMain/INFO]: [bootstrap] Running Java 21 (OpenJDK 64-Bit Server VM 21.0.7+6-Ubuntu-0ubuntu124.04; Ubuntu null) on Linux 6.8.0-1030-azure (amd64)
[00:22:21] [ServerMain/INFO]: [bootstrap] Loading Paper 1.21.7-17-main@b4466ec (2025-07-06T18:59:07Z) for Minecraft 1.21.7
[00:22:22] [ServerMain/INFO]: [PluginInitializerManager] Initializing plugins...
[00:22:22] [ServerMain/INFO]: [PluginInitializerManager] Initialized 1 plugin
[00:22:22] [ServerMain/INFO]: [PluginInitializerManager] Bukkit plugins (1):
 - SkinsRestorer (15.7.7)
[00:22:28] [ServerMain/INFO]: Environment: Environment[sessionHost=https://sessionserver.mojang.com, servicesHost=https://api.minecraftservices.com, name=PROD]
[00:22:31] [ServerMain/INFO]: Loaded 1407 recipes
[00:22:31] [ServerMain/INFO]: Loaded 1520 advancements
[00:22:31] [ServerMain/INFO]: [ca.spottedleaf.dataconverter.minecraft.datatypes.MCTypeRegistry] Initialising converters for DataConverter...
[00:22:31] [ServerMain/INFO]: [ca.spottedleaf.dataconverter.minecraft.datatypes.MCTypeRegistry] Finished initialising converters for DataConverter in 478.5ms
[00:22:31] [Server thread/INFO]: Starting minecraft server version 1.21.7
[00:22:31] [Server thread/INFO]: Loading properties
[00:22:31] [Server thread/INFO]: This server is running Paper version 1.21.7-17-main@b4466ec (2025-07-06T18:59:07Z) (Implementing API version 1.21.7-R0.1-SNAPSHOT)
[00:22:31] [Server thread/INFO]: [spark] This server bundles the spark profiler. For more information please visit https://docs.papermc.io/paper/profiling
[00:22:32] [Server thread/INFO]: Server Ping Player Sample Count: 12
[00:22:32] [Server thread/INFO]: Using 4 threads for Netty based IO
[00:22:32] [Server thread/INFO]: [MoonriseCommon] Paper is using 1 worker threads, 1 I/O threads
[00:22:32] [Server thread/INFO]: [ChunkTaskScheduler] Chunk system is using population gen parallelism: true
[00:22:33] [Server thread/INFO]: Default game type: SURVIVAL
[00:22:33] [Server thread/INFO]: Generating keypair
[00:22:33] [Server thread/INFO]: Starting Minecraft server on *:25565
[00:22:33] [Server thread/INFO]: Using epoll channel type
[00:22:33] [Server thread/INFO]: Paper: Using libdeflate (Linux x86_64) compression from Velocity.
[00:22:33] [Server thread/INFO]: Paper: Using OpenSSL 3.x.x (Linux x86_64) cipher from Velocity.
[00:22:33] [Server thread/INFO]: [SkinsRestorer] Loading server plugin SkinsRestorer v15.7.7
[00:22:33] [Server thread/INFO]: Server permissions file permissions.yml is empty, ignoring it
[00:22:33] [Server thread/INFO]: [SkinsRestorer] Enabling SkinsRestorer v15.7.7
[00:22:34] [Server thread/INFO]: [SkinsRestorer] Running on Minecraft 1.21.7.
[00:22:35] [Server thread/INFO]: [SkinsRestorer] Using paper join listener!
[00:22:35] [Server thread/WARN]: **** SERVER IS RUNNING IN OFFLINE/INSECURE MODE!
[00:22:35] [Server thread/WARN]: The server will make no attempt to authenticate usernames. Beware.
[00:22:35] [Server thread/WARN]: While this makes the game possible to play without internet access, it also opens up the ability for hackers to connect with any username they choose.
[00:22:35] [Server thread/WARN]: To change this, set "online-mode" to "true" in the server.properties file.
[00:22:35] [Server thread/INFO]: Preparing level "world"
[00:22:35] [Folia Async Scheduler Thread #1/INFO]: [SkinsRestorer] ----------------------------------------------
[00:22:35] [Folia Async Scheduler Thread #1/INFO]: [SkinsRestorer]     +==================+
[00:22:35] [Folia Async Scheduler Thread #1/INFO]: [SkinsRestorer]     |   SkinsRestorer  |
[00:22:35] [Folia Async Scheduler Thread #1/INFO]: [SkinsRestorer]     |------------------|
[00:22:35] [Folia Async Scheduler Thread #1/INFO]: [SkinsRestorer]     |  Standalone Mode |
[00:22:35] [Folia Async Scheduler Thread #1/INFO]: [SkinsRestorer]     +==================+
[00:22:35] [Folia Async Scheduler Thread #1/INFO]: [SkinsRestorer] ----------------------------------------------
[00:22:35] [Folia Async Scheduler Thread #1/INFO]: [SkinsRestorer]     Version: 15.7.7
[00:22:35] [Folia Async Scheduler Thread #1/INFO]: [SkinsRestorer]     Commit: 7eff058
[00:22:35] [Folia Async Scheduler Thread #1/INFO]: [SkinsRestorer]     A new version (15.7.9) is available! Downloading update...
[00:22:35] [Folia Async Scheduler Thread #1/INFO]: [SkinsRestorer] ----------------------------------------------
[00:22:35] [Folia Async Scheduler Thread #1/INFO]: [SkinsRestorer] Do you have issues? Read our troubleshooting guide: https://skinsrestorer.net/docs/troubleshooting
[00:22:35] [Folia Async Scheduler Thread #1/INFO]: [SkinsRestorer] Want to support SkinsRestorer? Consider donating: https://skinsrestorer.net/donate
[00:22:35] [Folia Async Scheduler Thread #1/INFO]: [SkinsRestorer] [GitHubUpdate] Downloading update...
[00:22:35] [Folia Async Scheduler Thread #1/INFO]: [SkinsRestorer] [GitHubUpdate] Downloaded update in 538ms
[00:22:35] [Folia Async Scheduler Thread #1/INFO]: [SkinsRestorer] [GitHubUpdate] Update saved as SkinsRestorer.jar
[00:22:35] [Folia Async Scheduler Thread #1/INFO]: [SkinsRestorer] [GitHubUpdate] The update will be loaded on the next server restart
[00:22:36] [Server thread/INFO]: Preparing start region for dimension minecraft:overworld
[00:22:36] [Server thread/INFO]: Preparing spawn area: 0%
[00:22:36] [Server thread/INFO]: Preparing spawn area: 2%
[00:22:37] [Server thread/INFO]: Preparing spawn area: 73%
[00:22:37] [Server thread/INFO]: Time elapsed: 1216 ms
[00:22:37] [Server thread/INFO]: Preparing start region for dimension minecraft:the_nether
[00:22:37] [Server thread/INFO]: Preparing spawn area: 0%
[00:22:37] [Server thread/INFO]: Preparing spawn area: 30%
[00:22:38] [Server thread/INFO]: Time elapsed: 694 ms
[00:22:38] [Server thread/INFO]: Preparing start region for dimension minecraft:the_end
[00:22:38] [Server thread/INFO]: Preparing spawn area: 0%
[00:22:38] [Server thread/INFO]: Time elapsed: 239 ms
[00:22:38] [Server thread/INFO]: [spark] Starting background profiler...
[00:22:39] [Server thread/INFO]: Done preparing level "world" (4.263s)
[00:22:39] [Server thread/INFO]: Running delayed init tasks
[00:22:39] [Server thread/INFO]: Done (19.150s)! For help, type "help"
[00:24:25] [User Authenticator #0/INFO]: UUID of player veltrop570 is f7ecab27-30f6-34e8-b1b9-8b611eddf8e6
[00:24:25] [Server thread/INFO]: [HorriblePlayerLoginEventHack] You have plugins listening to the PlayerLoginEvent, this will cause re-configuration APIs to be unavailable: [SkinsRestorer]
[00:24:27] [Server thread/INFO]: veltrop570 joined the game
[00:24:27] [Server thread/INFO]: veltrop570[/127.97.112.57:34443] logged in with entity id 23 at ([world]-805.6999999880791, 22.0, 1598.699999988079)
[00:25:28] [Server thread/INFO]: veltrop570 issued server command: /give veltrop570 minecraft:water_bucket
[00:25:28] [Server thread/INFO]: [veltrop570: Gave 1 [Water Bucket] to veltrop570]
[00:29:14] [User Authenticator #1/INFO]: UUID of player Santix15 is 1f8cbd0f-e34f-3631-ad78-ab523f2938ae
[00:29:18] [Server thread/INFO]: Santix15 joined the game
[00:29:18] [Server thread/INFO]: Santix15[/127.97.112.57:33867] logged in with entity id 833 at ([world]-801.991130689792, 20.0, 1598.8071318143805)
[00:30:26] [Server thread/INFO]: Santix15 has made the advancement [The End?]
[00:30:27] [Server thread/INFO]: veltrop570 has made the advancement [The End?]
[00:30:29] [Server thread/INFO]: Scanning for legacy world dragon fight...
[00:30:29] [Server thread/INFO]: Found that the dragon has not yet been killed in this world.
[00:32:07] [Server thread/WARN]: veltrop570 moved wrongly!
[00:33:46] [Server thread/INFO]: Santix15 lost connection: Disconnected
[00:33:46] [Server thread/INFO]: Santix15 left the game
[00:33:53] [User Authenticator #2/INFO]: UUID of player Santix15 is 1f8cbd0f-e34f-3631-ad78-ab523f2938ae
[00:33:54] [Server thread/INFO]: Santix15 joined the game
[00:33:54] [Server thread/INFO]: Santix15[/127.97.112.57:53975] logged in with entity id 1269 at ([world_the_end]-6.187785782652856, 65.0, -33.1317386695919)
[00:39:38] [Server thread/INFO]: veltrop570 has made the advancement [Free the End]
[00:40:55] [Server thread/INFO]: Santix15 has made the advancement [Remote Getaway]
[00:41:04] [Server thread/INFO]: veltrop570 has made the advancement [Remote Getaway]
[00:41:50] [Server thread/WARN]: Santix15 moved too quickly! -7.563246568048953,0.7508129212553172,-7.029950261755886
[00:43:10] [Server thread/INFO]: veltrop570 has made the advancement [The City at the End of the Game]
[00:44:23] [Server thread/INFO]: Santix15 has made the advancement [The City at the End of the Game]
[00:48:15] [Server thread/INFO]: veltrop570 has made the advancement [Local Brewery]
[00:48:34] [Server thread/INFO]: veltrop570 has reached the goal [Sky's the Limit]
[00:57:39] [User Authenticator #3/INFO]: UUID of player lobo3224 is b7e5eca9-5a00-3da7-ac51-8f51ef42decc
[00:57:42] [Server thread/INFO]: lobo3224 joined the game
[00:57:42] [Server thread/INFO]: lobo3224[/127.206.178.158:52931] logged in with entity id 3544 at ([world]-954.3160571681984, 183.0, -189.98750001192093)
[00:58:01] [Async Chat Thread - #0/INFO]: [Not Secure] <lobo3224> buens
[00:58:07] [Async Chat Thread - #1/INFO]: [Not Secure] <Santix15> hello
[00:58:22] [Async Chat Thread - #1/INFO]: [Not Secure] <lobo3224> me hcen tp
[01:00:04] [Async Chat Thread - #2/INFO]: [Not Secure] <lobo3224> :(
[01:00:26] [Server thread/WARN]: Santix15 moved too quickly! -1.4045495719760765,0.7531999805212024,-14.125857765540559
[01:00:32] [Server thread/INFO]: lobo3224 issued server command: /tp Santix15
[01:00:32] [Server thread/INFO]: lobo3224 has made the advancement [The End?]
[01:00:32] [Server thread/INFO]: [lobo3224: Teleported lobo3224 to Santix15]
[01:01:02] [Async Chat Thread - #2/INFO]: [Not Secure] <Santix15> no lobo
[01:01:09] [Async Chat Thread - #2/INFO]: [Not Secure] <Santix15> no lo hagas
[01:01:28] [Async Chat Thread - #2/INFO]: [Not Secure] <lobo3224> de nuevo
[01:01:42] [Async Chat Thread - #2/INFO]: [Not Secure] <Santix15> loboooo
[01:01:44] [Server thread/INFO]: veltrop570 issued server command: /tp veltrop570 Santix15
[01:01:44] [Server thread/INFO]: [veltrop570: Teleported veltrop570 to Santix15]
[01:01:44] [Async Chat Thread - #2/INFO]: [Not Secure] <Santix15> nooooo
[01:02:11] [Server thread/INFO]: veltrop570 issued server command: /tp lobo3224 veltrop570
[01:02:11] [Server thread/INFO]: [veltrop570: Teleported lobo3224 to veltrop570]
[01:03:31] [Server thread/INFO]: veltrop570 issued server command: /tp lobo3224 veltrop570
[01:03:31] [Server thread/INFO]: [veltrop570: Teleported lobo3224 to veltrop570]
[01:03:41] [Server thread/INFO]: veltrop570 issued server command: /tp lobo3224 veltrop570
[01:03:41] [Server thread/INFO]: [veltrop570: Teleported lobo3224 to veltrop570]
[01:04:58] [Server thread/INFO]: Santix15 issued server command: /tp veltrop570 Santix15
[01:04:58] [Server thread/INFO]: [Santix15: Teleported veltrop570 to Santix15]
[01:05:35] [Server thread/INFO]: lobo3224 has made the advancement [The City at the End of the Game]
[01:06:34] [Server thread/INFO]: Santix15 issued server command: /tp Santix15 veltrop570
[01:06:34] [Server thread/INFO]: [Santix15: Teleported Santix15 to veltrop570]
[01:07:37] [Server thread/INFO]: lobo3224 issued server command: /tp Santix15
[01:07:37] [Server thread/INFO]: [lobo3224: Teleported lobo3224 to Santix15]
[01:07:37] [Server thread/INFO]: lobo3224 has completed the challenge [Great View From Up Here]
[01:07:46] [Async Chat Thread - #4/INFO]: [Not Secure] <lobo3224> XD
[01:07:55] [Server thread/INFO]: lobo3224 has reached the goal [Sky's the Limit]
[01:08:15] [Server thread/INFO]: lobo3224 experienced kinetic energy
[01:08:18] [Async Chat Thread - #4/INFO]: [Not Secure] <veltrop570> devolve lo robado gonzi
[01:08:29] [Async Chat Thread - #4/INFO]: [Not Secure] <lobo3224> jjjjjj
[01:08:33] [Server thread/INFO]: lobo3224 issued server command: /tp Santix15
[01:08:33] [Server thread/INFO]: [lobo3224: Teleported lobo3224 to Santix15]
